###############################################################################
# logic
###############################################################################

# equality comparator
../../rtl/logic/eql_cmp.sv

# binary to one-hot conversion
../../rtl/logic/bin2oht_base.sv
../../rtl/logic/bin2oht_tree.sv
../../rtl/logic/bin2oht.sv

# one-hot to binary conversion
../../rtl/logic/oht2bin_base.sv
../../rtl/logic/oht2bin_tree.sv
../../rtl/logic/oht2bin.sv

# priority to thermometer conversion
../../rtl/logic/pry2thr_base.sv
../../rtl/logic/pry2thr_tree.sv
../../rtl/logic/pry2thr.sv

# priority to one-hot conversion
../../rtl/logic/pry2oht_base.sv
../../rtl/logic/pry2oht_tree.sv
../../rtl/logic/pry2oht.sv

# priority to one-hot conversion (backward valid propagation)
#../../rtl/logic/pry2oht_bck_base.sv
#../../rtl/logic/pry2oht_bck_tree.sv
#../../rtl/logic/pry2oht_bck.sv

# magnitude comparator
../../rtl/logic/mag_cmp_base.sv
../../rtl/logic/mag_cmp_tree.sv
../../rtl/logic/mag_cmp.sv

../../rtl/logic/priority_encoder_base.sv
../../rtl/logic/priority_encoder_tree.sv
../../rtl/logic/priority_encoder_wrap.sv

../../rtl/logic/programmable_priority_encoder.sv

###############################################################################
# arithmetic
###############################################################################

#../../rtl/arithmetic/negative.sv
#../../rtl/arithmetic/add_base.sv

# primitives
../../rtl/arithmetic/HA.sv
../../rtl/arithmetic/FA.sv
../../rtl/arithmetic/RCA.sv

# counters
../../rtl/arithmetic/counter_wrap.sv
../../rtl/arithmetic/counter_last.sv
../../rtl/arithmetic/counter_modulo.sv
../../rtl/arithmetic/counter_fractional.sv

###############################################################################
# multiplexer
###############################################################################

# multiplexer with one-hot select
../../rtl/multiplexer/mux_oht.sv

# multiplexer with priority select
../../rtl/multiplexer/mux_pry_base.sv
../../rtl/multiplexer/mux_pry_tree.sv
../../rtl/multiplexer/mux_pry.sv

# multiplexer with binary select
../../rtl/multiplexer/mux_bin_base.sv
../../rtl/multiplexer/mux_bin_tree.sv
../../rtl/multiplexer/mux_bin.sv

#../../rtl/multiplexer/barrel_shifter.sv

###############################################################################
# mixed
###############################################################################

#../../rtl/synthesis_optimization_top.sv
#../../rtl/placeholder.sv
